Restore Archived Project report for 3ph
Mon Mar 04 14:01:21 2013
Quartus II 64-Bit Version 9.1 Build 222 10/21/2009 SJ Full Version


---------------------
; Table of Contents ;
---------------------
  1. Legal Notice
  2. Restore Archived Project Summary
  3. Restore Archived Project Messages
  4. Files Restored
  5. Files Not Restored



----------------
; Legal Notice ;
----------------
Copyright (C) 1991-2009 Altera Corporation
Your use of Altera Corporation's design tools, logic functions 
and other software and tools, and its AMPP partner logic 
functions, and any output files from any of the foregoing 
(including device programming or simulation files), and any 
associated documentation or information are expressly subject 
to the terms and conditions of the Altera Program License 
Subscription Agreement, Altera MegaCore Function License 
Agreement, or other applicable license agreement, including, 
without limitation, that your use is for the sole purpose of 
programming logic devices manufactured by Altera and sold by 
Altera or its authorized distributors.  Please refer to the 
applicable agreement for further details.



+-------------------------------------------------------------------------+
; Restore Archived Project Summary                                        ;
+---------------------------------+---------------------------------------+
; Restore Archived Project Status ; Successful - Mon Mar 04 14:01:21 2013 ;
; Revision Name                   ; 3ph                                   ;
; Top-level Entity Name           ; 3ph                                   ;
; Family                          ; Cyclone III                           ;
+---------------------------------+---------------------------------------+


+-----------------------------------+
; Restore Archived Project Messages ;
+-----------------------------------+
Info: Successfully restored 'F:/code/FPGA/3ph/3ph_tmp_archive.qar' into the 'F:/code/FPGA/3ph_copy/' directory
Info: Generated report '3ph.restore.rpt'


+-----------------------------+
; Files Restored              ;
+-----------------------------+
; File Name                   ;
+-----------------------------+
; 3ph.bdf                     ;
; 3ph.dpf                     ;
; 3ph.qpf                     ;
; 3ph.qsf                     ;
; 3ph.vwf                     ;
; 3ph_assignment_defaults.qdf ;
; PLL.bsf                     ;
; PLL.cmp                     ;
; PLL.ppf                     ;
; PLL.qip                     ;
; PLL.vhd                     ;
; db/3ph.sim.cvwf             ;
; lpm_inv0.bsf                ;
; lpm_inv0.cmp                ;
; lpm_inv0.qip                ;
; lpm_inv0.vhd                ;
; source/Single_RAM.vhd       ;
; source/state_machine.vhd    ;
+-----------------------------+


+--------------------+
; Files Not Restored ;
+--------------------+
; File Name          ;
+--------------------+


